// Jest Snapshot v1, https://goo.gl/fbAQLP

exports[`Button should render correctly in "debug" mode 1`] = `
<button
  className="sc-bdVaJa bnqGKk"
/>
`;
